
[1m[46m RUN [49m[22m [36mv4.1.2 [39m[90mC:/Users/Mayank-Pc/Downloads/Sooner[39m


[2m Test Files [22m [2mno tests[22m
[2m      Tests [22m [2mno tests[22m
[2m     Errors [22m [1m[31m1 error[39m[22m
[2m   Start at [22m 09:48:35
[2m   Duration [22m 173ms[2m (transform 0ms, setup 0ms, import 0ms, tests 0ms, environment 0ms)[22m

